     1                                  ; Stage-1 bootloader: E820 map, load kernel, A20, protected mode.
     2                                  
     3                                  %include "constants.inc"
     1                              <1> ; Shared constants for bootloader and kernel.
     2                              <1> %ifndef CONSTANTS_INC
     3                              <1> %define CONSTANTS_INC
     4                              <1> 
     5                              <1> ; --- Memory map --------------------------------------------------------------
     6                              <1> %define BOOTLOADER_ORG   0x7C00
     7                              <1> %define KERNEL_PHYS      0x10000
     8                              <1> %define KERNEL_LOAD_SEG  0x1000
     9                              <1> %define KERNEL_LOAD_OFF  0x0000
    10                              <1> ; Temporary stack used only inside boot/pm.inc before the kernel runs.
    11                              <1> %define PM_STACK_TOP     0x90000
    12                              <1> 
    13                              <1> ; C kernel reuses this address in kernel/entry.asm (see boot/pm.inc).
    14                              <1> %define VGA_PHYS         0xB8000
    15                              <1> 
    16                              <1> ; Bootloader E820 map (see include/memmap.h). PMM bitmap lives in kernel BSS.
    17                              <1> %define MEMMAP_PHYS      0x8000
    18                              <1> 
    19                              <1> ; --- Disk layout -------------------------------------------------------------
    20                              <1> %define KERNEL_LBA_START 1
    21                              <1> %define KERNEL_SECTORS   44
    22                              <1> 
    23                              <1> ; --- GDT segment selectors (index << 3) --------------------------------------
    24                              <1> %define GDT_NULL_SEL     0x00
    25                              <1> %define GDT_CODE_SEL     0x08
    26                              <1> %define GDT_DATA_SEL     0x10
    27                              <1> %define GDT_CODE64_SEL   0x18
    28                              <1> 
    29                              <1> ; --- Boot page tables (see boot/longmode.inc) --------------------------------
    30                              <1> %define PT_PML4_PHYS     0x9000
    31                              <1> %define PT_PDPT_PHYS     0xA000
    32                              <1> %define PT_PD_PHYS       0xB000
    33                              <1> 
    34                              <1> %endif
     4                                  
     5                                  org BOOTLOADER_ORG
     6                                  bits 16
     7                                  
     8 00000000 E93D01                  jmp start
     9                                  
    10                                  %include "print16.inc"
     1                              <1> ; Real-mode output: INT 10h in normal builds, serial-only when DEBUG_SERIAL is set.
     2                              <1> 
     3                              <1> %ifdef DEBUG_SERIAL
     4                              <1> %include "serial16.inc"
     5                              <1> 
     6                              <1> print_string:
     7                              <1>     jmp serial_string
     8                              <1> 
     9                              <1> print_newline:
    10                              <1>     jmp serial_newline
    11                              <1> 
    12                              <1> %else
    13                              <1> 
    14                              <1> print_string:
    15 00000003 AC                  <1>     lodsb
    16 00000004 84C0                <1>     test al, al
    17 00000006 7408                <1>     jz .done
    18 00000008 B40E                <1>     mov ah, 0x0e
    19 0000000A B700                <1>     mov bh, 0
    20 0000000C CD10                <1>     int 0x10
    21 0000000E EBF3                <1>     jmp print_string
    22                              <1> .done:
    23 00000010 C3                  <1>     ret
    24                              <1> 
    25                              <1> print_newline:
    26 00000011 B40E                <1>     mov ah, 0x0e
    27 00000013 B00D                <1>     mov al, 13
    28 00000015 CD10                <1>     int 0x10
    29 00000017 B00A                <1>     mov al, 10
    30 00000019 CD10                <1>     int 0x10
    31 0000001B C3                  <1>     ret
    32                              <1> 
    33                              <1> %endif
    11                                  %include "a20.inc"
     1                              <1> ; Enable A20: fast port 0x92, then BIOS INT 15h AX=2401 as fallback.
     2                              <1> 
     3                              <1> enable_a20:
     4 0000001C E81100              <1>     call a20_try_fast
     5 0000001F E82100              <1>     call a20_test
     6 00000022 730A                <1>     jnc .ok
     7 00000024 E81600              <1>     call a20_try_bios
     8 00000027 E81900              <1>     call a20_test
     9 0000002A 7302                <1>     jnc .ok
    10 0000002C F9                  <1>     stc
    11 0000002D C3                  <1>     ret
    12                              <1> .ok:
    13 0000002E F8                  <1>     clc
    14 0000002F C3                  <1>     ret
    15                              <1> 
    16                              <1> a20_try_fast:
    17 00000030 E492                <1>     in al, 0x92
    18 00000032 A802                <1>     test al, 2
    19 00000034 7506                <1>     jnz .done
    20 00000036 0C02                <1>     or al, 2
    21 00000038 24FE                <1>     and al, 0xFE
    22 0000003A E692                <1>     out 0x92, al
    23                              <1> .done:
    24 0000003C C3                  <1>     ret
    25                              <1> 
    26                              <1> a20_try_bios:
    27 0000003D B80124              <1>     mov ax, 0x2401
    28 00000040 CD15                <1>     int 0x15
    29 00000042 C3                  <1>     ret
    30                              <1> 
    31                              <1> ; Compare bytes at 0000:0500 vs FFFF:0010 — same physical addr if A20 is off.
    32                              <1> a20_test:
    33 00000043 9C                  <1>     pushf
    34 00000044 1E                  <1>     push ds
    35 00000045 06                  <1>     push es
    36 00000046 57                  <1>     push di
    37 00000047 FA                  <1>     cli
    38 00000048 31C0                <1>     xor ax, ax
    39 0000004A 8EC0                <1>     mov es, ax
    40 0000004C B8FFFF              <1>     mov ax, 0xFFFF
    41 0000004F 8ED8                <1>     mov ds, ax
    42 00000051 BF0005              <1>     mov di, 0x0500
    43 00000054 26C7050000          <1>     mov word [es:di], 0
    44 00000059 3EC7061000FFFF      <1>     mov word [ds:0x0010], 0xFFFF
    45 00000060 26833D00            <1>     cmp word [es:di], 0
    46 00000064 7503                <1>     jne .disabled
    47 00000066 F8                  <1>     clc
    48 00000067 EB01                <1>     jmp .out
    49                              <1> .disabled:
    50 00000069 F9                  <1>     stc
    51                              <1> .out:
    52 0000006A 5F                  <1>     pop di
    53 0000006B 07                  <1>     pop es
    54 0000006C 1F                  <1>     pop ds
    55 0000006D 9D                  <1>     popf
    56 0000006E C3                  <1>     ret
    12                                  %include "disk.inc"
     1                              <1> ; INT 13h EDD (AH=41h / AH=42h) disk I/O.
     2                              <1> 
     3                              <1> check_edd:
     4 0000006F 8A16[7C01]          <1>     mov dl, [boot_drive]
     5 00000073 B441                <1>     mov ah, 0x41
     6 00000075 BBAA55              <1>     mov bx, 0x55AA
     7 00000078 CD13                <1>     int 0x13
     8 0000007A 720E                <1>     jc .fail
     9                              <1> 
    10 0000007C 81FB55AA            <1>     cmp bx, 0xAA55
    11 00000080 7508                <1>     jne .fail
    12                              <1> 
    13 00000082 F7C10400            <1>     test cx, 0x0004
    14 00000086 7402                <1>     jz .fail
    15                              <1> 
    16 00000088 F8                  <1>     clc
    17 00000089 C3                  <1>     ret
    18                              <1> 
    19                              <1> .fail:
    20 0000008A F9                  <1>     stc
    21 0000008B C3                  <1>     ret
    22                              <1> 
    23                              <1> load_kernel_edd:
    24 0000008C 8A16[7C01]          <1>     mov dl, [boot_drive]
    25 00000090 C706[7F01]2C00      <1>     mov word [disk_packet + 2], KERNEL_SECTORS
    26 00000096 C706[8101]0000      <1>     mov word [disk_packet + 4], KERNEL_LOAD_OFF
    27 0000009C C706[8301]0010      <1>     mov word [disk_packet + 6], KERNEL_LOAD_SEG
    28 000000A2 66C706[8501]010000- <1>     mov dword [disk_packet + 8], KERNEL_LBA_START
    28 000000AA 00                  <1>
    29 000000AB 66C706[8901]000000- <1>     mov dword [disk_packet + 12], 0
    29 000000B3 00                  <1>
    30                              <1> 
    31 000000B4 B442                <1>     mov ah, 0x42
    32 000000B6 BE[7D01]            <1>     mov si, disk_packet
    33 000000B9 CD13                <1>     int 0x13
    34 000000BB C3                  <1>     ret
    13                                  %include "gdt.inc"
     1                              <1> ; Flat GDT: null, 32-bit code/data (protected mode), 64-bit code (long mode).
     2                              <1> 
     3                              <1> gdt_start:
     4 000000BC 0000000000000000    <1>     dq 0
     5                              <1> 
     6                              <1> gdt_code:
     7 000000C4 FFFF                <1>     dw 0xFFFF
     8 000000C6 0000                <1>     dw 0
     9 000000C8 00                  <1>     db 0
    10 000000C9 9A                  <1>     db 10011010b
    11 000000CA CF                  <1>     db 11001111b
    12 000000CB 00                  <1>     db 0
    13                              <1> 
    14                              <1> gdt_data:
    15 000000CC FFFF                <1>     dw 0xFFFF
    16 000000CE 0000                <1>     dw 0
    17 000000D0 00                  <1>     db 0
    18 000000D1 92                  <1>     db 10010010b
    19 000000D2 CF                  <1>     db 11001111b
    20 000000D3 00                  <1>     db 0
    21                              <1> 
    22                              <1> gdt_code64:
    23 000000D4 FFFF                <1>     dw 0xFFFF
    24 000000D6 0000                <1>     dw 0
    25 000000D8 00                  <1>     db 0
    26 000000D9 9A                  <1>     db 10011010b
    27 000000DA AF                  <1>     db 10101111b
    28 000000DB 00                  <1>     db 0
    29                              <1> 
    30                              <1> gdt_end:
    31                              <1> 
    32                              <1> gdt_descriptor:
    33 000000DC 1F00                <1>     dw gdt_end - gdt_start - 1
    34 000000DE [BC000000]          <1>     dd gdt_start
    14                                  %include "e820.inc"
     1                              <1> ; =============================================================================
     2                              <1> ; e820.inc — BIOS INT 15h AX=E820h memory map (real mode only).
     3                              <1> ; =============================================================================
     4                              <1> 
     5                              <1> %ifndef E820_INC
     6                              <1> %define E820_INC
     7                              <1> 
     8                              <1> %define MEMMAP_PHYS      0x8000
     9                              <1> %define MEMMAP_MAX       20
    10                              <1> %define E820_ENTRY_SIZE  24
    11                              <1> 
    12                              <1> detect_memory_e820:
    13 000000E2 6650                <1>     push eax
    14 000000E4 6653                <1>     push ebx
    15 000000E6 6651                <1>     push ecx
    16 000000E8 6652                <1>     push edx
    17 000000EA 57                  <1>     push di
    18                              <1> 
    19 000000EB 31C0                <1>     xor ax, ax
    20 000000ED 8EC0                <1>     mov es, ax
    21                              <1> 
    22                              <1>     ; Clear the whole map buffer (count + entries).
    23 000000EF BF0080              <1>     mov di, MEMMAP_PHYS
    24 000000F2 B90001              <1>     mov cx, 256
    25 000000F5 31C0                <1>     xor ax, ax
    26 000000F7 F3AB                <1>     rep stosw
    27                              <1> 
    28 000000F9 BF0480              <1>     mov di, MEMMAP_PHYS + 4
    29 000000FC 6631DB              <1>     xor ebx, ebx
    30 000000FF 66BA50414D53        <1>     mov edx, 0x0534D4150
    31 00000105 66B918000000        <1>     mov ecx, E820_ENTRY_SIZE
    32                              <1> 
    33                              <1> .loop:
    34 0000010B 31C0                <1>     xor ax, ax
    35 0000010D 8EC0                <1>     mov es, ax
    36                              <1> 
    37 0000010F 66B820E80000        <1>     mov eax, 0xE820
    38 00000115 CD15                <1>     int 0x15
    39 00000117 721D                <1>     jc .done
    40 00000119 663D50414D53        <1>     cmp eax, 0x534D4150
    41 0000011F 7515                <1>     jne .done
    42                              <1> 
    43 00000121 66FF060080          <1>     inc dword [MEMMAP_PHYS]
    44 00000126 66833E008014        <1>     cmp dword [MEMMAP_PHYS], MEMMAP_MAX
    45 0000012C 7708                <1>     ja .done
    46                              <1> 
    47 0000012E 83C718              <1>     add di, E820_ENTRY_SIZE
    48 00000131 6685DB              <1>     test ebx, ebx
    49 00000134 75D5                <1>     jnz .loop
    50                              <1> 
    51                              <1> .done:
    52 00000136 5F                  <1>     pop di
    53 00000137 665A                <1>     pop edx
    54 00000139 6659                <1>     pop ecx
    55 0000013B 665B                <1>     pop ebx
    56 0000013D 6658                <1>     pop eax
    57 0000013F C3                  <1>     ret
    58                              <1> 
    59                              <1> %endif
    15                                  
    16                                  start:
    17 00000140 31C0                        xor ax, ax
    18 00000142 8ED8                        mov ds, ax
    19 00000144 8EC0                        mov es, ax
    20 00000146 8ED0                        mov ss, ax
    21 00000148 BC007C                      mov sp, BOOTLOADER_ORG
    22                                  
    23 0000014B 8816[7C01]                  mov [boot_drive], dl
    24                                  
    25                                  %ifdef DEBUG_SERIAL
    26                                      mov si, msg_start
    27                                      call print_string
    28                                  %endif
    29                                  
    30 0000014F E81DFF                      call check_edd
    31 00000152 7210                        jc edd_unavailable
    32                                  
    33                                  %ifdef DEBUG_SERIAL
    34                                      mov si, msg_edd_ok
    35                                      call print_string
    36                                  %endif
    37                                  
    38 00000154 E835FF                      call load_kernel_edd
    39 00000157 7213                        jc load_failed
    40                                  
    41 00000159 E886FF                      call detect_memory_e820
    42                                  
    43                                  %ifdef DEBUG_SERIAL
    44                                      mov si, msg_loaded
    45                                      call print_string
    46                                      call enable_a20
    47                                      jc a20_failed
    48                                      mov si, msg_a20_ok
    49                                      call print_string
    50                                      mov si, msg_pm
    51                                      call print_string
    52                                      jmp do_pm
    53                                  %else
    54 0000015C E8BDFE                      call enable_a20
    55 0000015F 7213                        jc a20_failed
    56                                  do_pm:
    57                                  %endif
    58                                  
    59 00000161 E84700                      call enter_protected_mode
    60                                  
    61                                  edd_unavailable:
    62 00000164 BE[8D01]                    mov si, msg_no_edd
    63 00000167 E899FE                      call print_string
    64 0000016A EBFE                        jmp $
    65                                  
    66                                  load_failed:
    67 0000016C BE[9601]                    mov si, msg_load_err
    68 0000016F E891FE                      call print_string
    69 00000172 EBFE                        jmp $
    70                                  
    71                                  a20_failed:
    72 00000174 BE[A101]                    mov si, msg_a20_err
    73 00000177 E889FE                      call print_string
    74 0000017A EBFE                        jmp $
    75                                  
    76 0000017C 00                      boot_drive: db 0
    77                                  
    78                                  disk_packet:
    79 0000017D 10                          db 0x10
    80 0000017E 00                          db 0
    81 0000017F 2C00                        dw KERNEL_SECTORS
    82 00000181 0000                        dw KERNEL_LOAD_OFF
    83 00000183 0010                        dw KERNEL_LOAD_SEG
    84 00000185 01000000                    dd KERNEL_LBA_START
    85 00000189 00000000                    dd 0
    86                                  
    87                                  %ifdef DEBUG_SERIAL
    88                                  msg_start    db 'EDD...', 13, 10, 0
    89                                  msg_edd_ok   db 'EDD OK', 13, 10, 0
    90                                  msg_loaded   db 'Loaded 10000h', 13, 10, 0
    91                                  msg_a20_ok   db 'A20 OK', 13, 10, 0
    92                                  msg_pm       db 'PM', 13, 10, 0
    93                                  %endif
    94 0000018D 4E6F204544440D0A00      msg_no_edd   db 'No EDD', 13, 10, 0
    95 00000196 52656164206572720D-     msg_load_err db 'Read err', 13, 10, 0
    95 0000019F 0A00               
    96 000001A1 413230206572720D0A-     msg_a20_err  db 'A20 err', 13, 10, 0
    96 000001AA 00                 
    97                                  
    98                                  %include "pm.inc"
     1                              <1> ; Real mode -> 32-bit protected mode -> kernel at KERNEL_PHYS (32-bit entry).
     2                              <1> ; The kernel entry stub enables PAE/PML4 and switches to long mode.
     3                              <1> 
     4                              <1> enter_protected_mode:
     5 000001AB FA                  <1>     cli
     6 000001AC 0F0116[DC00]        <1>     lgdt [gdt_descriptor]
     7                              <1> 
     8 000001B1 0F20C0              <1>     mov eax, cr0
     9 000001B4 6683C801            <1>     or eax, 1
    10 000001B8 0F22C0              <1>     mov cr0, eax
    11                              <1> 
    12 000001BB EA[C001]0800        <1>     jmp GDT_CODE_SEL:pm_entry
    13                              <1> 
    14                              <1> bits 32
    15                              <1> pm_entry:
    16 000001C0 66B81000            <1>     mov ax, GDT_DATA_SEL
    17 000001C4 8ED8                <1>     mov ds, ax
    18 000001C6 8EC0                <1>     mov es, ax
    19 000001C8 8EE0                <1>     mov fs, ax
    20 000001CA 8EE8                <1>     mov gs, ax
    21 000001CC 8ED0                <1>     mov ss, ax
    22 000001CE BC00000900          <1>     mov esp, PM_STACK_TOP
    23                              <1> 
    24 000001D3 EA000001000800      <1>     jmp GDT_CODE_SEL:KERNEL_PHYS
    99                                  
   100 000001DA 00<rep 24h>             times 510-($-$$) db 0
   101 000001FE 55AA                    dw 0xAA55
